[blackburger.pe/index.html]
[backblue.gif]
[fade.gif]
[index.html]
[blackburger.pe/themes/template5/js/vendor/fontawesome/css/all.min.css]
[blackburger.pe/themes/template5/js/vendor/bootstrap/css/bootstrap.min.css]
[blackburger.pe/themes/template5/js/vendor/aos/aos.min.css]
[blackburger.pe/themes/template5/css/main23b4.css]
[blackburger.pe/fonts/custom/pack/BebasNeue-Regular.otf]
[blackburger.pe/fonts/custom/pack/BebasNeue-Bold.otf]
[blackburger.pe/fonts/custom/pack/Vipera-nora.otf]
[blackburger.pe/pideonline/1536.html]
[blackburger.pe/index9ed2.html]
[blackburger.pe/themes/template5/js/vendor/modernizr-3.11.2.min.js]
[blackburger.pe/themes/template5/js/vendor/intersection-observer.min.js]
[blackburger.pe/js/popper.min.js]
[blackburger.pe/indexccb6.html]
[blackburger.pe/themes/template5/js/vendor/jquery-3.5.1.min.js]
[blackburger.pe/themes/template5/js/vendor/bootstrap/js/bootstrap.min.js]
[blackburger.pe/themes/template5/js/vendor/aos/aos.min.js]
[blackburger.pe/themes/template5/js/plugins.js]
[blackburger.pe/themes/template5/js/main.js]
[blackburger.pe/index.html]
[blackburger.pe/themes/template5/js/vendor/lodash.min.js]
[blackburger.pe/themes/template5/js/vendor/fontawesome/webfonts/fa-brands-400.eot]
[blackburger.pe/themes/template5/js/vendor/fontawesome/webfonts/fa-brands-400d41d.eot]
[blackburger.pe/themes/template5/js/vendor/fontawesome/webfonts/fa-brands-400.woff]
[blackburger.pe/themes/template5/js/vendor/fontawesome/webfonts/fa-brands-400.ttf]
[blackburger.pe/themes/template5/js/vendor/fontawesome/webfonts/fa-regular-400.eot]
[blackburger.pe/themes/template5/js/vendor/fontawesome/webfonts/fa-regular-400d41d.eot]
[blackburger.pe/themes/template5/js/vendor/fontawesome/webfonts/fa-regular-400.woff]
[blackburger.pe/themes/template5/js/vendor/fontawesome/webfonts/fa-regular-400.ttf]
[blackburger.pe/themes/template5/js/vendor/fontawesome/webfonts/fa-solid-900.eot]
[blackburger.pe/themes/template5/js/vendor/fontawesome/webfonts/fa-solid-900d41d.eot]
[blackburger.pe/themes/template5/js/vendor/fontawesome/webfonts/fa-solid-900.woff]
[blackburger.pe/themes/template5/js/vendor/fontawesome/webfonts/fa-solid-900.ttf]
[blackburger.pe/themes/template5/js/vendor/fontawesome/css/all.min.css]
[blackburger.pe/themes/template5/js/vendor/bootstrap/css/bootstrap.min.css]
[blackburger.pe/themes/template5/js/vendor/aos/aos.min.css]
[blackburger.pe/fonts/PublicSans-Regular.ttf]
[blackburger.pe/fonts/PublicSans-Regular.woff]
[blackburger.pe/fonts/PublicSans-Bold.ttf]
[blackburger.pe/fonts/PublicSans-Bold.woff]
[blackburger.pe/fonts/PublicSans-SemiBold.ttf]
[blackburger.pe/fonts/PublicSans-SemiBold.woff]
[blackburger.pe/fonts/PublicSans-Light.ttf]
[blackburger.pe/fonts/PublicSans-Light.woff]
[blackburger.pe/fonts/PublicSans-Medium.ttf]
[blackburger.pe/fonts/PublicSans-Medium.woff]
[blackburger.pe/fonts/PublicSans-Thin.ttf]
[blackburger.pe/fonts/PublicSans-Thin.woff]
[blackburger.pe/themes/template1/img/bd-image.png]
[blackburger.pe/themes/template5/css/main23b4.css]
[blackburger.pe/themes/template5/css/main6c1e.css]
[blackburger.pe/indexc69a.html]
[blackburger.pe/index9ed2.html]
[blackburger.pe/pideonline/en.html]
[blackburger.pe/pideonline/img/favicon.ico]
[blackburger.pe/pideonline/css/app85d6.css]
[blackburger.pe/pideonline/js/app7f4d.js]
[blackburger.pe/pideonline/auth-global.html]
[blackburger.pe/pideonline/js/vue.min.js]
[blackburger.pe/pideonline/login-social.html]
[blackburger.pe/pideonline/login.html]
[blackburger.pe/pideonline/registro.html]
[blackburger.pe/pideonline/1536.html]
[blackburger.pe/themes/template5/css/main2912.css]
[blackburger.pe/indexde27.html]
[blackburger.pe/indexccb6.html]
[blackburger.pe/themes/template5/js/vendor/fontawesome/webfonts/fa-brands-400.html]
[blackburger.pe/themes/template5/js/vendor/fontawesome/webfonts/fa-brands-400.svg]
[blackburger.pe/themes/template5/js/vendor/fontawesome/webfonts/fa-regular-400.html]
[blackburger.pe/themes/template5/js/vendor/fontawesome/webfonts/fa-regular-400.svg]
[blackburger.pe/themes/template5/js/vendor/fontawesome/webfonts/fa-solid-900.html]
[blackburger.pe/themes/template5/js/vendor/jquery.validate.min.js]
[blackburger.pe/themes/template5/js/vendor/fontawesome/webfonts/fa-solid-900.svg]
[blackburger.pe/fonts/PublicSans-Regular.html]
[blackburger.pe/fonts/PublicSans-Bold.html]
[blackburger.pe/fonts/PublicSans-SemiBold.html]
[blackburger.pe/fonts/PublicSans-Light.html]
[blackburger.pe/fonts/PublicSans-Medium.html]
[blackburger.pe/fonts/PublicSans-Thin.html]
[blackburger.pe/themes/template5/css/main6c1e.css]
[blackburger.pe/indexc69a.html]
[blackburger.pe/themes/template5/css/mainae35.css]
[blackburger.pe/pideonline/index.html]
[blackburger.pe/pideonline/1215.html]
[blackburger.pe/pideonline/en.html]
[blackburger.pe/pideonline/fonts/PublicSans-Regular.ttf]
[blackburger.pe/pideonline/fonts/PublicSans-Regular.woff]
[blackburger.pe/pideonline/fonts/PublicSans-Bold.ttf]
[blackburger.pe/pideonline/fonts/PublicSans-Bold.woff]
[blackburger.pe/pideonline/fonts/PublicSans-Light.ttf]
[blackburger.pe/pideonline/fonts/PublicSans-Light.woff]
[blackburger.pe/pideonline/fonts/PublicSans-Medium.ttf]
[blackburger.pe/pideonline/fonts/PublicSans-Medium.woff]
[blackburger.pe/pideonline/fonts/PublicSans-Thin.ttf]
[blackburger.pe/pideonline/fonts/PublicSans-Thin.woff]
[blackburger.pe/pideonline/css/app85d6.css]
[blackburger.pe/pideonline/1536/index.html]
[blackburger.pe/pideonline/img/rolling.svg]
[blackburger.pe/pideonline/img/logo_white.svg]
[blackburger.pe/pideonline/auth-global.html]
[blackburger.pe/pideonline/login-social.html]
[blackburger.pe/pideonline/login.html]
[blackburger.pe/pideonline/registro.html]
[blackburger.pe/themes/template5/css/main2912.css]
[blackburger.pe/themes/template5/css/mained49.css]
[blackburger.pe/themes/template5/js/vendor/messages_es.js]
[blackburger.pe/indexde27.html]
[blackburger.pe/themes/template5/css/mainae35.css]
[blackburger.pe/index1a3f.html]
[blackburger.pe/pideonline/1215.html]
[blackburger.pe/pideonline/fonts/PublicSans-Regular.html]
[blackburger.pe/pideonline/fonts/PublicSans-Bold.html]
[blackburger.pe/pideonline/fonts/PublicSans-Light.html]
[blackburger.pe/pideonline/fonts/PublicSans-Medium.html]
[blackburger.pe/pideonline/fonts/PublicSans-Thin.html]
[blackburger.pe/img/alone_cardx2.html]
[blackburger.pe/themes/template5/css/mained49.css]
[blackburger.pe/index1a3f.html]
[blackburger.pe/pideonline/1215/index.html]
[blackburger.pe/themes/template5/css/mainfd97.css]
[blackburger.pe/themes/template5/css/mainfd97.css]
